// Jest Snapshot v1, https://goo.gl/fbAQLP

exports[`TrialId Render renders without error 1`] = `
<fieldset
  class="cts-fieldset "
  id="fieldset--trialid"
>
  <legend
    class="cts-fieldset__legend"
  >
    <span>
      Trial ID
    </span>
    <a
      aria-label="Help"
      class="text-icon-help"
      href="https://www.cancer.gov/about-cancer/treatment/clinical-trials/search/help#trialid"
      rel="noopener noreferrer"
      target="_blank"
    >
      ?
    </a>
  </legend>
  <div
    class="cts-fieldset__body"
  >
    <div
      class="cts-input-group "
    >
      <label
        class="cts-label"
        for="tid"
        id="tid-label"
      >
        Separate multiple IDs with commas or semicolons.
      </label>
      <input
        aria-labelledby="tid-label"
        aria-required="false"
        class="cts-input  "
        id="tid"
        name="tid"
        spellcheck="false"
        type="text"
        value=""
      />
    </div>
  </div>
</fieldset>
`;
