// Jest Snapshot v1, https://goo.gl/fbAQLP

exports[`TrialId Render renders without error 1`] = `
<fieldset
  class="cts-fieldset "
  id="fieldset--trialid"
>
  <legend
    class="cts-fieldset__legend"
  >
    <span>
      Trial ID
    </span>
  </legend>
  <a
    aria-label="Help"
    class="text-icon-help"
    href="https://www.cancer.gov/about-cancer/treatment/clinical-trials/search/help#trialid"
    rel="noopener noreferrer"
    target="_blank"
  >
    ?
  </a>
  <div
    class="cts-fieldset__body"
  >
    <div
      class=""
    >
      <label
        class="cts-label"
        for="search-trial-id"
        id="search-trial-id-label"
      >
        Separate multiple IDs with commas or semicolons.
      </label>
      <input
        aria-labelledby="search-trial-id-label"
        aria-required="false"
        class="cts-input null"
        id="search-trial-id"
        spellcheck="false"
        type="text"
        value=""
      />
    </div>
  </div>
</fieldset>
`;
