// Jest Snapshot v1, https://goo.gl/fbAQLP

exports[`TrialType Render renders without error 1`] = `
<fieldset
  class="cts-fieldset trial-type"
  id="fieldset--trialtype"
>
  <legend
    class="cts-fieldset__legend"
  >
    <span>
      Trial Type
    </span>
    <a
      aria-label="Help"
      class="text-icon-help"
      href="https://www.cancer.gov/about-cancer/treatment/clinical-trials/search/help#trialtype"
      rel="noopener noreferrer"
      target="_blank"
    >
      ?
    </a>
  </legend>
  <div
    class="cts-fieldset__body"
  >
    <p>
      Select the type of trial for your search. You may check more than one box or select "All."
    </p>
    <div
      class="data-toggle-block"
    >
      <div
        class="cts-toggle "
      >
        <input
          class="cts-toggle__input"
          id="hv"
          type="checkbox"
        />
        <label
          aria-label="Limit results to Veterans Affairs facilities"
          class="cts-toggle__label"
          for="hv"
        >
          <span
            aria-hidden="true"
            class="neg"
          >
            No
          </span>
          <span
            aria-hidden="true"
            class="pos"
          >
            Yes
          </span>
        </label>
      </div>
      Limit results to trials accepting healthy volunteers
    </div>
    <div
      class="select-all"
    >
      <div
        class="cts-checkbox tt-all"
      >
        <input
          checked=""
          class="cts-checkbox__input"
          id="tt_all"
          name="checkboxes"
          type="checkbox"
          value="tt_all"
        />
        <label
          class="cts-checkbox__label"
          for="tt_all"
        >
          All
        </label>
      </div>
    </div>
    <div
      class="group-trial-types"
    >
      <div
        class="cts-checkbox "
      >
        <input
          class="cts-checkbox__input"
          id="tp_treatment"
          name="checkboxes"
          type="checkbox"
          value="treatment"
        />
        <label
          class="cts-checkbox__label"
          for="tp_treatment"
        >
          Treatment
        </label>
      </div>
      <div
        class="cts-checkbox "
      >
        <input
          class="cts-checkbox__input"
          id="tp_prevention"
          name="checkboxes"
          type="checkbox"
          value="prevention"
        />
        <label
          class="cts-checkbox__label"
          for="tp_prevention"
        >
          Prevention
        </label>
      </div>
      <div
        class="cts-checkbox "
      >
        <input
          class="cts-checkbox__input"
          id="tp_supportive_care"
          name="checkboxes"
          type="checkbox"
          value="supportive_care"
        />
        <label
          class="cts-checkbox__label"
          for="tp_supportive_care"
        >
          Supportive Care
        </label>
      </div>
      <div
        class="cts-checkbox "
      >
        <input
          class="cts-checkbox__input"
          id="tp_health_services_research"
          name="checkboxes"
          type="checkbox"
          value="health_services_research"
        />
        <label
          class="cts-checkbox__label"
          for="tp_health_services_research"
        >
          Health Services Research
        </label>
      </div>
      <div
        class="cts-checkbox "
      >
        <input
          class="cts-checkbox__input"
          id="tp_diagnostic"
          name="checkboxes"
          type="checkbox"
          value="diagnostic"
        />
        <label
          class="cts-checkbox__label"
          for="tp_diagnostic"
        >
          Diagnostic
        </label>
      </div>
      <div
        class="cts-checkbox "
      >
        <input
          class="cts-checkbox__input"
          id="tp_screening"
          name="checkboxes"
          type="checkbox"
          value="screening"
        />
        <label
          class="cts-checkbox__label"
          for="tp_screening"
        >
          Screening
        </label>
      </div>
      <div
        class="cts-checkbox "
      >
        <input
          class="cts-checkbox__input"
          id="tp_basic_science"
          name="checkboxes"
          type="checkbox"
          value="basic_science"
        />
        <label
          class="cts-checkbox__label"
          for="tp_basic_science"
        >
          Basic Science
        </label>
      </div>
      <div
        class="cts-checkbox "
      >
        <input
          class="cts-checkbox__input"
          id="tp_other"
          name="checkboxes"
          type="checkbox"
          value="other"
        />
        <label
          class="cts-checkbox__label"
          for="tp_other"
        >
          Other
        </label>
      </div>
    </div>
  </div>
</fieldset>
`;
