// Jest Snapshot v1, https://goo.gl/fbAQLP

exports[`Location Render renders without error 1`] = `
<fieldset
  class="cts-fieldset"
  id="fieldset--location"
>
  <legend
    class="cts-fieldset__legend"
  >
    <span>
      Location
    </span>
  </legend>
  <a
    aria-label="Help"
    class="text-icon-help"
    href="https://www.cancer.gov/about-cancer/treatment/clinical-trials/search/help#location"
    rel="noopener noreferrer"
    target="_blank"
  >
    ?
  </a>
  <div
    class="cts-fieldset__body"
  >
    <input
      type="text"
    />
  </div>
</fieldset>
`;
