// Jest Snapshot v1, https://goo.gl/fbAQLP

exports[`FormAdvanced Render renders without error 1`] = `
<form
  class="search-page__form advanced"
>
  <fieldset
    class="cts-fieldset"
    id="fieldset--type"
  >
    <legend
      class="cts-fieldset__legend"
    >
      <span>
        Cancer Type/Condition
      </span>
    </legend>
    <a
      aria-label="Help"
      class="text-icon-help"
      href="https://www.cancer.gov/about-cancer/treatment/clinical-trials/search/help#cancertype"
      rel="noopener noreferrer"
      target="_blank"
    >
      ?
    </a>
    <div
      class="cts-fieldset__body"
    >
      <input
        type="text"
      />
    </div>
  </fieldset>
  <div
    class="side-by-side"
  >
    <fieldset
      class="cts-fieldset"
      id="fieldset--age"
    >
      <legend
        class="cts-fieldset__legend"
      >
        <span>
          Age
        </span>
      </legend>
      <a
        aria-label="Help"
        class="text-icon-help"
        href="https://www.cancer.gov/about-cancer/treatment/clinical-trials/search/help#basicsearch"
        rel="noopener noreferrer"
        target="_blank"
      >
        ?
      </a>
      <div
        class="cts-fieldset__body"
      >
        <div
          class=""
        >
          <label
            class="cts-label"
            for="a"
            id="a-label"
          >
            Enter the age of the participant.
          </label>
          <input
            aria-labelledby="a-label"
            aria-required="false"
            class="cts-input null"
            id="a"
            maxlength="3"
            spellcheck="false"
            type="text"
            value=""
          />
        </div>
      </div>
    </fieldset>
    <fieldset
      class="cts-fieldset"
      id="fieldset--keyword"
    >
      <legend
        class="cts-fieldset__legend"
      >
        <span>
          Keywords/Phrases
        </span>
      </legend>
      <a
        aria-label="Help"
        class="text-icon-help"
        href="https://www.cancer.gov/about-cancer/treatment/clinical-trials/search/help#keywords"
        rel="noopener noreferrer"
        target="_blank"
      >
        ?
      </a>
      <div
        class="cts-fieldset__body"
      >
        <div
          class=""
        >
          <label
            class="cts-label"
            for="q"
            id="q-label"
          >
            Search by word or phrase (use quotation marks with phrases).
          </label>
          <input
            aria-labelledby="q-label"
            aria-required="false"
            class="cts-input null"
            id="q"
            placeholder="Examples: PSA, 'Paget disease'"
            spellcheck="false"
            type="text"
            value=""
          />
        </div>
      </div>
    </fieldset>
  </div>
  <fieldset
    class="cts-fieldset"
    id="fieldset--location"
  >
    <legend
      class="cts-fieldset__legend"
    >
      <span>
        Location
      </span>
    </legend>
    <a
      aria-label="Help"
      class="text-icon-help"
      href="https://www.cancer.gov/about-cancer/treatment/clinical-trials/search/help#location"
      rel="noopener noreferrer"
      target="_blank"
    >
      ?
    </a>
    <div
      class="cts-fieldset__body"
    >
      <p>
        Search for trials near a specific zip code; or in a country, state and city; or at a particular institution. The default selection will search for trials in all available locations.
      </p>
      <div
        class="search-location__panel"
      >
        Limit results to Veterans Affairs facilities:
        <div
          class="cts-toggle "
        >
          <input
            class="cts-toggle__input"
            id="search-location-toggle"
            name="search-location-toggle"
            type="checkbox"
          />
          <label
            aria-label="Limit results to Veterans Affairs facilities:"
            class="cts-toggle__label"
            for="search-location-toggle"
          >
            <span
              aria-hidden="true"
              class="neg"
            >
              No
            </span>
            <span
              aria-hidden="true"
              class="pos"
            >
              Yes
            </span>
          </label>
        </div>
      </div>
      <div
        class="cts-radio "
      >
        <input
          aria-disabled="false"
          class="cts-radio__input"
          id="search-location-all"
          name="radios"
          type="radio"
          value="search-location-all"
        />
        <label
          class="cts-radio__label"
          for="search-location-all"
        >
          Search All Locations
        </label>
      </div>
      <div
        class="cts-radio "
      >
        <input
          aria-disabled="false"
          class="cts-radio__input"
          id="search-location-zip"
          name="radios"
          type="radio"
          value="search-location-zip"
        />
        <label
          class="cts-radio__label"
          for="search-location-zip"
        >
          ZIP Code
        </label>
      </div>
      <div
        class="cts-radio "
      >
        <input
          aria-disabled="false"
          class="cts-radio__input"
          id="search-location-country"
          name="radios"
          type="radio"
          value="search-location-country"
        />
        <label
          class="cts-radio__label"
          for="search-location-country"
        >
          Country, State, City
        </label>
      </div>
      <div
        class="cts-radio "
      >
        <input
          aria-disabled="false"
          class="cts-radio__input"
          id="search-location-hospital"
          name="radios"
          type="radio"
          value="search-location-hospital"
        />
        <label
          class="cts-radio__label"
          for="search-location-hospital"
        >
          Hospitals/Institutions
        </label>
      </div>
      <div
        class="cts-radio "
      >
        <input
          aria-disabled="false"
          class="cts-radio__input"
          id="search-location-nih"
          name="radios"
          type="radio"
          value="search-location-nih"
        />
        <label
          class="cts-radio__label"
          for="search-location-nih"
        >
          At NIH (only show trials at the NIH clinical center in Bethesda, MD)
        </label>
      </div>
    </div>
  </fieldset>
  <fieldset
    class="cts-fieldset"
    id="fieldset--trialtype"
  >
    <legend
      class="cts-fieldset__legend"
    >
      <span>
        Trial Type
      </span>
    </legend>
    <a
      aria-label="Help"
      class="text-icon-help"
      href="https://www.cancer.gov/about-cancer/treatment/clinical-trials/search/help#trialtype"
      rel="noopener noreferrer"
      target="_blank"
    >
      ?
    </a>
    <div
      class="cts-fieldset__body"
    >
      <input
        type="text"
      />
    </div>
  </fieldset>
  <fieldset
    class="cts-fieldset"
    id="fieldset--type"
  >
    <legend
      class="cts-fieldset__legend"
    >
      <span>
        Cancer Type/Condition
      </span>
    </legend>
    <a
      aria-label="Help"
      class="text-icon-help"
      href="https://www.cancer.gov/about-cancer/treatment/clinical-trials/search/help#cancertype"
      rel="noopener noreferrer"
      target="_blank"
    >
      ?
    </a>
    <div
      class="cts-fieldset__body"
    >
      <p>
        Search for a specific drug or intervention. You can use the drug's generic or brand name.
      </p>
      <div
        class=""
      >
        <label
          class="cts-label"
          for="search-drug-family"
          id="search-drug-family-label"
        >
          Drug/Drug Family
        </label>
        <input
          aria-labelledby="search-drug-family-label"
          aria-required="false"
          class="cts-input null"
          id="search-drug-family"
          placeholder="Please enter 3 or more characters"
          spellcheck="false"
          type="text"
          value=""
        />
      </div>
      <div
        class=""
      >
        <label
          class="cts-label"
          for="search-drug-other"
          id="search-drug-other-label"
        >
          Other Treatments
        </label>
        <input
          aria-labelledby="search-drug-other-label"
          aria-required="false"
          class="cts-input null"
          id="search-drug-other"
          placeholder="Please enter 3 or more characters"
          spellcheck="false"
          type="text"
          value=""
        />
      </div>
    </div>
  </fieldset>
  <fieldset
    class="cts-fieldset"
    id="fieldset--trialphase"
  >
    <legend
      class="cts-fieldset__legend"
    >
      <span>
        Trial Phase
      </span>
    </legend>
    <a
      aria-label="Help"
      class="text-icon-help"
      href="https://www.cancer.gov/about-cancer/treatment/clinical-trials/search/help#trialphase"
      rel="noopener noreferrer"
      target="_blank"
    >
      ?
    </a>
    <div
      class="cts-fieldset__body"
    >
      <input
        type="text"
      />
    </div>
  </fieldset>
  <fieldset
    class="cts-fieldset"
    id="fieldset--trialid"
  >
    <legend
      class="cts-fieldset__legend"
    >
      <span>
        Trial ID
      </span>
    </legend>
    <a
      aria-label="Help"
      class="text-icon-help"
      href="https://www.cancer.gov/about-cancer/treatment/clinical-trials/search/help#trialid"
      rel="noopener noreferrer"
      target="_blank"
    >
      ?
    </a>
    <div
      class="cts-fieldset__body"
    >
      <div
        class=""
      >
        <label
          class="cts-label"
          for="search-trial-id"
          id="search-trial-id-label"
        >
          Separate multiple IDs with commas or semicolons.
        </label>
        <input
          aria-labelledby="search-trial-id-label"
          aria-required="false"
          class="cts-input null"
          id="search-trial-id"
          spellcheck="false"
          type="text"
          value=""
        />
      </div>
    </div>
  </fieldset>
  <fieldset
    class="cts-fieldset"
    id="fieldset--trialinvestigator"
  >
    <legend
      class="cts-fieldset__legend"
    >
      <span>
        Trial Investigators
      </span>
    </legend>
    <a
      aria-label="Help"
      class="text-icon-help"
      href="https://www.cancer.gov/about-cancer/treatment/clinical-trials/search/help#trialinvestigators"
      rel="noopener noreferrer"
      target="_blank"
    >
      ?
    </a>
    <div
      class="cts-fieldset__body"
    >
      <div
        class=""
      >
        <label
          class="cts-label"
          for="in"
          id="in-label"
        >
          Search by Trial Investigators.
        </label>
        <input
          aria-labelledby="in-label"
          aria-required="false"
          class="cts-input null"
          id="in"
          spellcheck="false"
          type="text"
          value=""
        />
      </div>
    </div>
  </fieldset>
  <fieldset
    class="cts-fieldset"
    id="fieldset--location"
  >
    <legend
      class="cts-fieldset__legend"
    >
      <span>
        Location
      </span>
    </legend>
    <a
      aria-label="Help"
      class="text-icon-help"
      href="https://www.cancer.gov/about-cancer/treatment/clinical-trials/search/help#leadorganization"
      rel="noopener noreferrer"
      target="_blank"
    >
      ?
    </a>
    <div
      class="cts-fieldset__body"
    >
      <div
        class=""
      >
        <label
          class="cts-label"
          for="lo"
          id="lo-label"
        >
          Search by Lead Organization.
        </label>
        <input
          aria-labelledby="lo-label"
          aria-required="false"
          class="cts-input null"
          id="lo"
          spellcheck="false"
          type="text"
          value=""
        />
      </div>
    </div>
  </fieldset>
  <div
    class="submit-block"
  >
    <button
      class="btn-submit"
      type="submit"
    >
      Find Trials
    </button>
  </div>
</form>
`;
