// Jest Snapshot v1, https://goo.gl/fbAQLP

exports[`FormAdvanced Render renders without error 1`] = `
<form
  class="search-page__form advanced"
>
  <fieldset
    class="cts-fieldset"
    id="fieldset--type"
  >
    <legend
      class="cts-fieldset__legend"
    >
      <span>
        Cancer Type/Condition
      </span>
    </legend>
    <a
      aria-label="Help"
      class="text-icon-help"
      href="https://www.cancer.gov/about-cancer/treatment/clinical-trials/search/help#cancertype"
      rel="noopener noreferrer"
      target="_blank"
    >
      ?
    </a>
    <div
      class="cts-fieldset__body"
    >
      <input
        type="text"
      />
    </div>
  </fieldset>
  <fieldset
    class="cts-fieldset"
    id="fieldset--age"
  >
    <legend
      class="cts-fieldset__legend"
    >
      <span>
        Age
      </span>
    </legend>
    <a
      aria-label="Help"
      class="text-icon-help"
      href="https://www.cancer.gov/about-cancer/treatment/clinical-trials/search/help#basicsearch"
      rel="noopener noreferrer"
      target="_blank"
    >
      ?
    </a>
    <div
      class="cts-fieldset__body"
    >
      <label
        class="cts-label"
        for="a"
        id="a-label"
      >
        Enter the age of the participant.
      </label>
      <input
        aria-labelledby="a-label"
        aria-required="false"
        class="cts-input  null"
        id="a"
        maxlength="3"
        spellcheck="false"
        type="text"
        value=""
      />
    </div>
  </fieldset>
  <fieldset
    class="cts-fieldset"
    id="fieldset--keyword"
  >
    <legend
      class="cts-fieldset__legend"
    >
      <span>
        Keywords/Phrases
      </span>
    </legend>
    <a
      aria-label="Help"
      class="text-icon-help"
      href="https://www.cancer.gov/about-cancer/treatment/clinical-trials/search/help#keywords"
      rel="noopener noreferrer"
      target="_blank"
    >
      ?
    </a>
    <div
      class="cts-fieldset__body"
    >
      <label
        class="cts-label"
        for="q"
        id="q-label"
      >
        Search by word or phrase (use quotation marks with phrases).
      </label>
      <input
        aria-labelledby="q-label"
        aria-required="false"
        class="cts-input  null"
        id="q"
        placeholder="Examples: PSA, 'Paget disease'"
        spellcheck="false"
        type="text"
        value=""
      />
    </div>
  </fieldset>
  <fieldset
    class="cts-fieldset"
    id="fieldset--location"
  >
    <legend
      class="cts-fieldset__legend"
    >
      <span>
        Location
      </span>
    </legend>
    <a
      aria-label="Help"
      class="text-icon-help"
      href="https://www.cancer.gov/about-cancer/treatment/clinical-trials/search/help#location"
      rel="noopener noreferrer"
      target="_blank"
    >
      ?
    </a>
    <div
      class="cts-fieldset__body"
    >
      <div
        class="cts-radio "
      >
        <input
          aria-disabled="false"
          class="cts-radio__input"
          id="search-location-all"
          name="radios"
          type="radio"
          value="search-location-all"
        />
        <label
          class="cts-radio__label"
          for="search-location-all"
        >
          Search All Locations
        </label>
      </div>
      <div
        class="cts-radio "
      >
        <input
          aria-disabled="false"
          class="cts-radio__input"
          id="search-location-zip"
          name="radios"
          type="radio"
          value="search-location-zip"
        />
        <label
          class="cts-radio__label"
          for="search-location-zip"
        >
          ZIP Code
        </label>
      </div>
      <div>
        <label
          class="cts-label"
          for="component-unique-id-1"
          id="component-unique-id-1-label"
        >
          U.S. ZIP Code
        </label>
        <input
          aria-labelledby="undefined-label"
          aria-required="false"
          class="cts-input  null"
          disabled=""
          id="component-unique-id-1"
          spellcheck="false"
          type="text"
          value=""
        />
        <label
          class="cts-label"
          for="component-unique-id-2"
          id="component-unique-id-2-label"
        >
          Radius
        </label>
        <input
          aria-labelledby="undefined-label"
          aria-required="false"
          class="cts-input  null"
          disabled=""
          id="component-unique-id-2"
          spellcheck="false"
          type="text"
          value=""
        />
      </div>
      <div
        class="cts-radio "
      >
        <input
          aria-disabled="false"
          class="cts-radio__input"
          id="search-location-country"
          name="radios"
          type="radio"
          value="search-location-country"
        />
        <label
          class="cts-radio__label"
          for="search-location-country"
        >
          Country, State, City
        </label>
      </div>
      <div>
        <label
          class="cts-label"
          for="component-unique-id-3"
          id="component-unique-id-3-label"
        >
          Country
        </label>
        <input
          aria-labelledby="undefined-label"
          aria-required="false"
          class="cts-input  null"
          disabled=""
          id="component-unique-id-3"
          spellcheck="false"
          type="text"
          value=""
        />
        <label
          class="cts-label"
          for="component-unique-id-4"
          id="component-unique-id-4-label"
        >
          State
        </label>
        <input
          aria-labelledby="undefined-label"
          aria-required="false"
          class="cts-input  null"
          disabled=""
          id="component-unique-id-4"
          spellcheck="false"
          type="text"
          value=""
        />
        <label
          class="cts-label"
          for="component-unique-id-5"
          id="component-unique-id-5-label"
        >
          City
        </label>
        <input
          aria-labelledby="undefined-label"
          aria-required="false"
          class="cts-input  null"
          disabled=""
          id="component-unique-id-5"
          spellcheck="false"
          type="text"
          value=""
        />
      </div>
      <div
        class="cts-radio "
      >
        <input
          aria-disabled="false"
          class="cts-radio__input"
          id="search-location-hospital"
          name="radios"
          type="radio"
          value="search-location-hospital"
        />
        <label
          class="cts-radio__label"
          for="search-location-hospital"
        >
          Hospitals/Institutions
        </label>
      </div>
      <div>
        <label
          class="cts-label"
          for="component-unique-id-6"
          id="component-unique-id-6-label"
        />
        <input
          aria-labelledby="undefined-label"
          aria-required="false"
          class="cts-input  null"
          disabled=""
          id="component-unique-id-6"
          spellcheck="false"
          type="text"
          value=""
        />
      </div>
      <div
        class="cts-radio "
      >
        <input
          aria-disabled="false"
          class="cts-radio__input"
          id="search-location-nih"
          name="radios"
          type="radio"
          value="search-location-nih"
        />
        <label
          class="cts-radio__label"
          for="search-location-nih"
        >
          At NIH (only show trials at the NIH clinical center in Bethesda, MD)
        </label>
      </div>
    </div>
  </fieldset>
  <fieldset
    class="cts-fieldset"
    id="fieldset--trialtype"
  >
    <legend
      class="cts-fieldset__legend"
    >
      <span>
        Trial Type
      </span>
    </legend>
    <a
      aria-label="Help"
      class="text-icon-help"
      href="https://www.cancer.gov/about-cancer/treatment/clinical-trials/search/help#trialtype"
      rel="noopener noreferrer"
      target="_blank"
    >
      ?
    </a>
    <div
      class="cts-fieldset__body"
    >
      <input
        type="text"
      />
    </div>
  </fieldset>
  <fieldset
    class="cts-fieldset"
    id="fieldset--trialtreatment"
  >
    <legend
      class="cts-fieldset__legend"
    >
      <span>
        Drug/Treatment
      </span>
    </legend>
    <a
      aria-label="Help"
      class="text-icon-help"
      href="https://www.cancer.gov/about-cancer/treatment/clinical-trials/search/help#drugtreatment"
      rel="noopener noreferrer"
      target="_blank"
    >
      ?
    </a>
    <div
      class="cts-fieldset__body"
    >
      <input
        type="text"
      />
    </div>
  </fieldset>
  <fieldset
    class="cts-fieldset"
    id="fieldset--trialphase"
  >
    <legend
      class="cts-fieldset__legend"
    >
      <span>
        Trial Phase
      </span>
    </legend>
    <a
      aria-label="Help"
      class="text-icon-help"
      href="https://www.cancer.gov/about-cancer/treatment/clinical-trials/search/help#trialphase"
      rel="noopener noreferrer"
      target="_blank"
    >
      ?
    </a>
    <div
      class="cts-fieldset__body"
    >
      <input
        type="text"
      />
    </div>
  </fieldset>
  <fieldset
    class="cts-fieldset"
    id="fieldset--trialid"
  >
    <legend
      class="cts-fieldset__legend"
    >
      <span>
        Trial ID
      </span>
    </legend>
    <a
      aria-label="Help"
      class="text-icon-help"
      href="https://www.cancer.gov/about-cancer/treatment/clinical-trials/search/help#trialid"
      rel="noopener noreferrer"
      target="_blank"
    >
      ?
    </a>
    <div
      class="cts-fieldset__body"
    >
      <input
        type="text"
      />
    </div>
  </fieldset>
  <fieldset
    class="cts-fieldset"
    id="fieldset--trialinvestigator"
  >
    <legend
      class="cts-fieldset__legend"
    >
      <span>
        Trial Investigators
      </span>
    </legend>
    <a
      aria-label="Help"
      class="text-icon-help"
      href="https://www.cancer.gov/about-cancer/treatment/clinical-trials/search/help#trialinvestigators"
      rel="noopener noreferrer"
      target="_blank"
    >
      ?
    </a>
    <div
      class="cts-fieldset__body"
    >
      <label
        class="cts-label"
        for="in"
        id="in-label"
      >
        Search by Trial Investigators.
      </label>
      <input
        aria-labelledby="in-label"
        aria-required="false"
        class="cts-input  null"
        id="in"
        spellcheck="false"
        type="text"
        value=""
      />
    </div>
  </fieldset>
  <fieldset
    class="cts-fieldset"
    id="fieldset--location"
  >
    <legend
      class="cts-fieldset__legend"
    >
      <span>
        Location
      </span>
    </legend>
    <a
      aria-label="Help"
      class="text-icon-help"
      href="https://www.cancer.gov/about-cancer/treatment/clinical-trials/search/help#leadorganization"
      rel="noopener noreferrer"
      target="_blank"
    >
      ?
    </a>
    <div
      class="cts-fieldset__body"
    >
      <label
        class="cts-label"
        for="lo"
        id="lo-label"
      >
        Search by Lead Organization.
      </label>
      <input
        aria-labelledby="lo-label"
        aria-required="false"
        class="cts-input  null"
        id="lo"
        spellcheck="false"
        type="text"
        value=""
      />
    </div>
  </fieldset>
  <div
    class="submit-block"
  >
    <button
      class="btn-submit"
      type="submit"
    >
      Find Trials
    </button>
  </div>
</form>
`;
