// Jest Snapshot v1, https://goo.gl/fbAQLP

exports[`TrialPhase Render renders without error 1`] = `
<fieldset
  class="cts-fieldset trial-phase"
  id="fieldset--trialphase"
>
  <legend
    class="cts-fieldset__legend"
  >
    <span>
      Trial Phase
    </span>
  </legend>
  <a
    aria-label="Help"
    class="text-icon-help"
    href="https://www.cancer.gov/about-cancer/treatment/clinical-trials/search/help#trialphase"
    rel="noopener noreferrer"
    target="_blank"
  >
    ?
  </a>
  <div
    class="cts-fieldset__body"
  >
    <p>
      Search by one or more trial phases.
    </p>
    <div
      class="select-all"
    >
      <div
        class="cts-checkbox tp-all"
      >
        <input
          checked=""
          class="cts-checkbox__input"
          id="tp_all"
          name="tp"
          type="checkbox"
          value="tp_all"
        />
        <label
          class="cts-checkbox__label"
          for="tp_all"
        >
          All
        </label>
      </div>
    </div>
    <div
      class="group-phases"
    >
      <div
        class="cts-checkbox "
      >
        <input
          class="cts-checkbox__input"
          id="tp_I"
          name="tp"
          type="checkbox"
          value="I"
        />
        <label
          class="cts-checkbox__label"
          for="tp_I"
        >
          Phase I
        </label>
      </div>
      <div
        class="cts-checkbox "
      >
        <input
          class="cts-checkbox__input"
          id="tp_II"
          name="tp"
          type="checkbox"
          value="II"
        />
        <label
          class="cts-checkbox__label"
          for="tp_II"
        >
          Phase I
        </label>
      </div>
      <div
        class="cts-checkbox "
      >
        <input
          class="cts-checkbox__input"
          id="tp_III"
          name="tp"
          type="checkbox"
          value="III"
        />
        <label
          class="cts-checkbox__label"
          for="tp_III"
        >
          Phase III
        </label>
      </div>
      <div
        class="cts-checkbox "
      >
        <input
          class="cts-checkbox__input"
          id="tp_IV"
          name="tp"
          type="checkbox"
          value="IV"
        />
        <label
          class="cts-checkbox__label"
          for="tp_IV"
        >
          Phase IV
        </label>
      </div>
    </div>
  </div>
</fieldset>
`;
