// Jest Snapshot v1, https://goo.gl/fbAQLP

exports[`Accordion renders correctly without errors 1`] = `
<Accordion
  bordered={false}
  startCollapsed={false}
>
  <div
    className="cts-accordion "
  >
    <AccordionItem
      accordionIndex={0}
      action={[Function]}
      expanded={true}
      key=".0"
      title="First Amendment"
    >
      <h2
        aria-expanded={true}
        className="cts-accordion__heading"
      >
        <button
          aria-controls="component-unique-id-0-content"
          aria-expanded={true}
          className="cts-accordion__button"
          onClick={[Function]}
        >
          <span>
            First Amendment
          </span>
        </button>
      </h2>
      <div
        aria-hidden={false}
        className="cts-accordion__content"
        id="component-unique-id-0-content"
      >
        <p
          key=".0"
        >
          Congress shall make no law respecting an establishment of ...
        </p>
      </div>
    </AccordionItem>
    <AccordionItem
      accordionIndex={1}
      action={[Function]}
      expanded={false}
      key=".1"
      title=""
    >
      <h2
        aria-expanded={false}
        className="cts-accordion__heading"
      >
        <button
          aria-controls="component-unique-id-1-content"
          aria-expanded={false}
          className="cts-accordion__button"
          onClick={[Function]}
        >
          <span
            key=".0"
          >
            Second Amendment
          </span>
        </button>
      </h2>
      <div
        aria-hidden={true}
        className="cts-accordion__content"
        id="component-unique-id-1-content"
      >
        <p
          key=".1"
        >
          A well regulated Militia, being necessary to the security ...
        </p>
      </div>
    </AccordionItem>
  </div>
</Accordion>
`;
