// Jest Snapshot v1, https://goo.gl/fbAQLP

exports[`SearchPage Render renders without error 1`] = `
<div
  class="general-page-body-container"
>
  <div
    class="contentzone"
  >
    <article
      class="search-page"
    >
      <div
        class="search-page__header"
      >
        <p>
          NCI-supported clinical trials are those sponsored or otherwise financially supported by NCI. See our guide, Steps to Find a Clinical Trial, to learn about options for finding trials not included in NCI's collection.
        </p>
        <div
          class="cts-search-tip"
        >
          <div
            class="cts-search-tip__icon"
          >
            <i
              class="lightbulb-circle-yellow"
            />
          </div>
          <div
            class="cts-search-tip__body"
          >
            <strong>
              Search Tip:
            </strong>
             For more search options, use our 
            <button
              type="button"
            >
              advanced search
            </button>
            .
          </div>
        </div>
      </div>
      <div
        class="search-page__content"
      >
        <form
          class="search-page__form advanced"
        >
          <fieldset
            class="cts-fieldset "
            id="fieldset--type"
          >
            <legend
              class="cts-fieldset__legend"
            >
              <span>
                Cancer Type/Keyword
              </span>
            </legend>
            <a
              aria-label="Help"
              class="text-icon-help"
              href="https://www.cancer.gov/about-cancer/treatment/clinical-trials/search/help#basicsearch"
              rel="noopener noreferrer"
              target="_blank"
            >
              ?
            </a>
            <div
              class="cts-fieldset__body"
            >
              <div
                class=""
              >
                <input
                  aria-label="Cancer Type/Keyword"
                  aria-required="false"
                  class="cts-input null"
                  id="q"
                  placeholder="Start typing to select a cancer type"
                  spellcheck="false"
                  type="text"
                  value=""
                />
              </div>
            </div>
          </fieldset>
          <div
            class="side-by-side"
          >
            <fieldset
              class="cts-fieldset "
              id="fieldset--age"
            >
              <legend
                class="cts-fieldset__legend"
              >
                <span>
                  Age
                </span>
              </legend>
              <a
                aria-label="Help"
                class="text-icon-help"
                href="https://www.cancer.gov/about-cancer/treatment/clinical-trials/search/help#basicsearch"
                rel="noopener noreferrer"
                target="_blank"
              >
                ?
              </a>
              <div
                class="cts-fieldset__body"
              >
                <div
                  class=""
                >
                  <label
                    class="cts-label"
                    for="a"
                    id="a-label"
                  >
                    Enter the age of the participant.
                  </label>
                  <input
                    aria-labelledby="a-label"
                    aria-required="false"
                    class="cts-input null"
                    id="a"
                    maxlength="3"
                    spellcheck="false"
                    type="text"
                    value=""
                  />
                </div>
              </div>
            </fieldset>
            <fieldset
              class="cts-fieldset "
              id="fieldset--zip"
            >
              <legend
                class="cts-fieldset__legend"
              >
                <span>
                  U.S. Zip Code
                </span>
              </legend>
              <a
                aria-label="Help"
                class="text-icon-help"
                href="https://www.cancer.gov/about-cancer/treatment/clinical-trials/search/help#basicsearch"
                rel="noopener noreferrer"
                target="_blank"
              >
                ?
              </a>
              <div
                class="cts-fieldset__body"
              >
                <div
                  class=""
                >
                  <label
                    class="cts-label"
                    for="z"
                    id="z-label"
                  />
                  <input
                    aria-labelledby="z-label"
                    aria-required="false"
                    class="cts-input null"
                    id="z"
                    maxlength="5"
                    spellcheck="false"
                    type="text"
                    value=""
                  />
                </div>
              </div>
            </fieldset>
          </div>
          <div
            class="submit-block"
          >
            <button
              class="btn-submit"
              type="submit"
            >
              Find Trials
            </button>
          </div>
        </form>
        <aside
          class="search-page__aside"
        >
          <div
            class="cts-delighter-container"
          >
            <div
              class="delighter cts-livehelp"
            >
              <a
                href="/contact"
              >
                <h4>
                  Have a question?
                  <br />
                  We're here to help
                </h4>
                <p>
                  <strong>
                    Chat with us:
                  </strong>
                   LiveHelp
                  <br />
                  <strong>
                    Call us:
                  </strong>
                   1-800-4-CANCER
                  <br />
                  (1-800-422-6237)
                </p>
              </a>
            </div>
            <div
              class="delighter cts-what"
            >
              <a
                href="/about-cancer/treatment/clinical-trials/what-are-trials"
              >
                <h4>
                  What Are Cancer Clinical Trials?
                </h4>
                <p>
                  Learn what they are and what you should know about them.
                </p>
              </a>
            </div>
            <div
              class="delighter cts-which"
            >
              <a
                href="/about-cancer/treatment/clinical-trials/search/trial-guide"
              >
                <h4>
                  Which trials are right for you?
                </h4>
                <p>
                  Use the checklist in our guide to gather the information you’ll need.
                </p>
              </a>
            </div>
          </div>
        </aside>
      </div>
      <div
        class="search-page__footer"
      >
        <div
          class="api-reference-section"
        >
          <h3
            id="ui-id-4"
          >
            The Clinical Trials API: Use our data to power your own clinical trial search
          </h3>
          <p
            class="api-reference-content"
          >
            An application programming interface (API) helps translate large amounts of data in meaningful ways. NCI’s clinical trials search data is now powered by an API, allowing programmers to build applications 
            <a
              href="/syndication/api"
            >
              using this open data.
            </a>
          </p>
        </div>
      </div>
    </article>
  </div>
</div>
`;
