// Jest Snapshot v1, https://goo.gl/fbAQLP

exports[`Dropdown should render correctly 1`] = `
<Dropdown
  action={[Function]}
  hasError={false}
  label="label goes here"
  required={false}
>
  <InputLabel
    htmlFor="component-unique-id-0"
    label="label goes here"
    required={false}
  >
    <label
      className="undefined "
      htmlFor="component-unique-id-0"
      id="component-unique-id-0-label"
    >
      label goes here
    </label>
  </InputLabel>
  <select
    className="cts-select"
    id="component-unique-id-0"
    onChange={[Function]}
    required={false}
    value=""
  >
    <option
      disabled={true}
      value=""
    >
      Select ...
    </option>
    <option
      value="value1"
    >
      Option A
    </option>
    <option
      value="value2"
    >
      Option B
    </option>
    <option
      value="value3"
    >
      Option C
    </option>
  </select>
</Dropdown>
`;
