// Jest Snapshot v1, https://goo.gl/fbAQLP

exports[`Search reducer has default state 1`] = `
Object {
  "age": "",
  "cancerTypeCondition": "",
  "cancerTypeKeyword": "",
  "city": "",
  "country": "United States",
  "drugFamily": "",
  "healthyVolunteers": false,
  "hospital": "",
  "keywordPhrases": "",
  "leadOrganization": "",
  "otherTreatements": "",
  "radius": "",
  "state": "",
  "trialId": "",
  "trialInvestigators": "",
  "trialPhase": Array [],
  "trialType": Array [],
  "zip": "",
}
`;
