// Jest Snapshot v1, https://goo.gl/fbAQLP

exports[`Fieldset Render renders without error 1`] = `
<fieldset
  class="cts-fieldset "
  id="fieldset--mockId"
>
  <legend
    class="cts-fieldset__legend"
  >
    <span>
      Mock Legend
    </span>
    <a
      aria-label="Help"
      class="text-icon-help"
      rel="noopener noreferrer"
      target="_blank"
    >
      ?
    </a>
  </legend>
  <div
    class="cts-fieldset__body"
  >
    <div
      name="mockName"
    >
      <input
        id="truth"
        readonly=""
        value="truth"
      />
      <label
        for="truth"
      >
        Sojourner Truth
      </label>
      <input
        id="douglass"
        readonly=""
        type="checkbox"
        value="douglass"
      />
      <label
        for="douglass"
      >
        Frederick Douglass
      </label>
    </div>
  </div>
</fieldset>
`;
