// Jest Snapshot v1, https://goo.gl/fbAQLP

exports[`Autocomplete.props.renderInput should be invoked in \`render\` to create the <input> element 1`] = `
Object {
  "aria-autocomplete": "list",
  "aria-expanded": false,
  "autoComplete": "off",
  "className": "cts-input cts-autocomplete__input ",
  "foo": "bar",
  "id": "component-unique-id-37",
  "onBlur": [Function],
  "onChange": [Function],
  "onClick": [Function],
  "onFocus": [Function],
  "onKeyDown": [Function],
  "ref": [Function],
  "role": "combobox",
  "type": "text",
  "value": "pants",
}
`;

exports[`Autocomplete.props.renderInput should be invoked in \`render\` to create the <input> element 2`] = `
<Fragment>
  <div
    className="cts-autocomplete "
    id="component-unique-id-37-autocomplete-wrapper"
  >
    <InputLabel
      htmlFor="component-unique-id-37"
      labelHint=""
    />
    <div
      className=""
    >
      <div>
        <input
          aria-autocomplete="list"
          aria-expanded={false}
          autoComplete="on"
          className="cts-input cts-autocomplete__input "
          foo="bar"
          id="component-unique-id-37"
          onBlur={[Function]}
          onChange={[Function]}
          onClick={[Function]}
          onFocus={[Function]}
          onKeyDown={[Function]}
          role="combobox"
          type="text"
          value="pants"
        />
      </div>
    </div>
  </div>
</Fragment>
`;
