// Jest Snapshot v1, https://goo.gl/fbAQLP

exports[`ResultsListItem Render should match snapshot 1`] = `
<div
  class="results-list-item results-list__item"
>
  <div
    class="results-list-item__checkbox"
  >
    <div
      class="cts-checkbox "
    >
      <input
        class="cts-checkbox__input"
        id="Universal homogeneous pricing structure"
        name="Universal homogeneous pricing structure"
        type="checkbox"
        value="Universal homogeneous pricing structure"
      />
      <label
        class="cts-checkbox__label"
        for="Universal homogeneous pricing structure"
      >
        <span
          class="show-for-sr"
        >
          Select this article for print
        </span>
      </label>
    </div>
  </div>
  <div
    class="results-list-item__contents"
  >
    <div
      class="results-list-item__title"
    >
      <a
        href="http://a8.net/proin/eu/mi/nulla/ac/enim/in.xml?nibh=elementum&in=in&quis=hac&justo=habitasse&maecenas=platea&rhoncus=dictumst&aliquam=morbi&lacus=vestibulum&morbi=velit&quis=id&tortor=pretium&id=iaculis"
      >
        Universal homogeneous pricing structure
      </a>
    </div>
    <div
      class="results-list-item__category"
    >
      <span>
        Status:
      </span>
      Active
    </div>
    <div
      class="results-list-item__category"
    >
      <span>
        Age:
      </span>
      71 years and older
    </div>
    <div
      class="results-list-item__category"
    >
      <span>
        Gender:
      </span>
      Male
    </div>
    <div
      class="results-list-item__category"
    >
      <span>
        Location:
      </span>
      44 locations
    </div>
  </div>
</div>
`;
