// Jest Snapshot v1, https://goo.gl/fbAQLP

exports[`CancerTypeCondition Render renders without error 1`] = `
<fieldset
  class="cts-fieldset cancer-type-condition"
  id="fieldset--type"
>
  <legend
    class="cts-fieldset__legend"
  >
    <span>
      Cancer Type/Condition
    </span>
    <a
      aria-label="Help"
      class="text-icon-help"
      href="https://www.cancer.gov/about-cancer/treatment/clinical-trials/search/help#cancertype"
      rel="noopener noreferrer"
      target="_blank"
    >
      ?
    </a>
  </legend>
  <div
    class="cts-fieldset__body"
  >
    <p>
      Select a cancer type or condition. Select additional options, if applicable.
    </p>
    <div
      class="cts-autocomplete "
      id="ct-autocomplete-wrapper"
    >
      <label
        class="cts-label"
        for="ct"
        id="ct-label"
      >
        Primary Cancer Type/Condition
      </label>
      <div
        class=""
      >
        <input
          aria-autocomplete="list"
          aria-expanded="false"
          autocomplete="off"
          class="cts-input cts-autocomplete__input faux-select"
          id="ct"
          role="combobox"
          type="text"
          value="All"
        />
      </div>
    </div>
  </div>
</fieldset>
`;
