// Jest Snapshot v1, https://goo.gl/fbAQLP

exports[`CancerTypeCondition Render renders without error 1`] = `
<fieldset
  class="cts-fieldset cancer-type-condition"
  id="fieldset--type"
>
  <legend
    class="cts-fieldset__legend"
  >
    <span>
      Cancer Type/Condition
    </span>
    <a
      aria-label="Help"
      class="text-icon-help"
      href="https://www.cancer.gov/about-cancer/treatment/clinical-trials/search/help#cancertype"
      rel="noopener noreferrer"
      target="_blank"
    >
      ?
    </a>
  </legend>
  <div
    class="cts-fieldset__body"
  >
    <p>
      Select a cancer type or condition. Select additional options, if applicable.
    </p>
    <div
      class="ct-select"
    >
      <label
        class="cts-label"
        for="ct"
        id="ct-label"
      >
        Primary Cancer Type/Condition
      </label>
      <button
        aria-controls=""
        aria-expanded="false"
        aria-haspopup="true"
        aria-label="Click to select specific cancer type"
        class="ct-select__button faux-select"
        id="ct-btn"
      >
        All
      </button>
      <div
        class="ct-select__menu "
        id="ctMenu"
      >
        <div
          class="cts-autocomplete "
          id="ct-searchTerm-autocomplete-wrapper"
        >
          <div
            class=""
          >
            <input
              aria-autocomplete="list"
              aria-expanded="true"
              aria-label="Primary Cancer Type/Condition"
              autocomplete="off"
              class="cts-input cts-autocomplete__input faux-select"
              id="ct-searchTerm"
              placeholder="Begin typing to narrow options below"
              role="combobox"
              type="text"
              value=""
            />
          </div>
          <div
            class="cts-autocomplete__menu --ct"
          >
            <div
              class="cts-autocomplete__menu-item"
            >
              No results found
            </div>
          </div>
        </div>
      </div>
      <input
        id="ct"
        name="ct"
        type="hidden"
        value=""
      />
    </div>
  </div>
</fieldset>
`;
