// Jest Snapshot v1, https://goo.gl/fbAQLP

exports[`ZipCode Render renders without error 1`] = `
<fieldset
  class="cts-fieldset "
  id="fieldset--zip"
>
  <legend
    class="cts-fieldset__legend"
  >
    <span>
      U.S. Zip Code
    </span>
  </legend>
  <a
    aria-label="Help"
    class="text-icon-help"
    href="https://www.cancer.gov/about-cancer/treatment/clinical-trials/search/help#basicsearch"
    rel="noopener noreferrer"
    target="_blank"
  >
    ?
  </a>
  <div
    class="cts-fieldset__body"
  >
    <div
      class=""
    >
      <label
        class="cts-label"
        for="z"
        id="z-label"
      />
      <input
        aria-labelledby="z-label"
        aria-required="false"
        class="cts-input null"
        id="z"
        maxlength="5"
        spellcheck="false"
        type="text"
        value=""
      />
    </div>
  </div>
</fieldset>
`;
