// Jest Snapshot v1, https://goo.gl/fbAQLP

exports[`TextInput renders without error 1`] = `
<TextInput
  action={[Function]}
  classes=""
  disabled={false}
  enableSpellCheck={false}
  id="myId"
  label="label goes here"
  required={false}
  type="text"
>
  <div
    className="cts-input-group "
  >
    <InputLabel
      hasError={false}
      htmlFor="myId"
      label="label goes here"
      required={false}
    >
      <label
        className="cts-label"
        htmlFor="myId"
        id="myId-label"
      >
        label goes here
      </label>
    </InputLabel>
    <input
      aria-labelledby="myId-label"
      aria-required={false}
      className="cts-input  "
      disabled={false}
      id="myId"
      onBlur={[Function]}
      onChange={[Function]}
      required={false}
      spellCheck={false}
      type="text"
      value=""
    />
  </div>
</TextInput>
`;
