// Jest Snapshot v1, https://goo.gl/fbAQLP

exports[`RemovableTag Render renders without error 1`] = `
<div
  aria-selected="true"
  class="cts-removable-tag"
  role="option"
>
  <span
    class="cts-removable-tag__label"
  />
  <button
    aria-label="remove undefined"
    class="cts-removable-tag__button"
    type="button"
  >
    <span
      aria-hidden="true"
    >
      X
    </span>
  </button>
</div>
`;
