// Jest Snapshot v1, https://goo.gl/fbAQLP

exports[`Radio is defined and renders without error 1`] = `
<Radio
  className=""
  disabled={false}
  id="component-unique-id-0"
  label="label goes here"
  name="radios"
>
  <div
    className="cts-radio "
  >
    <input
      aria-disabled={false}
      className="cts-radio__input"
      disabled={false}
      id="component-unique-id-0"
      name="radios"
      type="radio"
      value="component-unique-id-0"
    />
    <label
      className="cts-radio__label"
      htmlFor="component-unique-id-0"
    >
      label goes here
    </label>
  </div>
</Radio>
`;
