// Jest Snapshot v1, https://goo.gl/fbAQLP

exports[`KeywordsPhrases Render renders without error 1`] = `
<fieldset
  class="cts-fieldset "
  id="fieldset--keyword"
>
  <legend
    class="cts-fieldset__legend"
  >
    <span>
      Keywords/Phrases
    </span>
  </legend>
  <a
    aria-label="Help"
    class="text-icon-help"
    href="https://www.cancer.gov/about-cancer/treatment/clinical-trials/search/help#keywords"
    rel="noopener noreferrer"
    target="_blank"
  >
    ?
  </a>
  <div
    class="cts-fieldset__body"
  >
    <div
      class=""
    >
      <label
        class="cts-label"
        for="q"
        id="q-label"
      >
        Search by word or phrase (use quotation marks with phrases).
      </label>
      <input
        aria-labelledby="q-label"
        aria-required="false"
        class="cts-input null"
        id="q"
        name="keywordPhrases"
        placeholder="Examples: PSA, 'Paget disease'"
        spellcheck="false"
        type="text"
        value=""
      />
    </div>
  </div>
</fieldset>
`;
