// Jest Snapshot v1, https://goo.gl/fbAQLP

exports[`DrugTreatment Render renders without error 1`] = `
<fieldset
  class="cts-fieldset "
  id="fieldset--type"
>
  <legend
    class="cts-fieldset__legend"
  >
    <span>
      Drug/Treatment
    </span>
    <a
      aria-label="Help"
      class="text-icon-help"
      href="https://www.cancer.gov/about-cancer/treatment/clinical-trials/search/help#drugtreatment"
      rel="noopener noreferrer"
      target="_blank"
    >
      ?
    </a>
  </legend>
  <div
    class="cts-fieldset__body"
  >
    <p>
      Search for a specific drug or intervention. You can use the drug's generic or brand name.
    </p>
    <div
      class="cts-autocomplete "
      id="dt-autocomplete-wrapper"
    >
      <label
        class="cts-label"
        for="dt"
        id="dt-label"
      >
        Drug/Drug Family
      </label>
      <div
        class="cts-chip-list"
      >
        <input
          aria-autocomplete="list"
          aria-expanded="false"
          autocomplete="off"
          class="cts-input cts-autocomplete__input"
          id="dt"
          role="combobox"
          type="text"
          value=""
        />
      </div>
    </div>
    <div
      class="cts-input-group "
    >
      <label
        class="cts-label"
        for="ot"
        id="ot-label"
      >
        Other Treatments
      </label>
      <input
        aria-labelledby="ot-label"
        aria-required="false"
        class="cts-input  "
        id="ot"
        spellcheck="false"
        type="text"
        value=""
      />
    </div>
  </div>
</fieldset>
`;
