// Jest Snapshot v1, https://goo.gl/fbAQLP

exports[`CancerTypeKeyword Render renders without error 1`] = `
<fieldset
  class="cts-fieldset "
  id="fieldset--type"
>
  <legend
    class="cts-fieldset__legend"
  >
    <span>
      Cancer Type/Keyword
    </span>
    <a
      aria-label="Help"
      class="text-icon-help"
      href="https://www.cancer.gov/about-cancer/treatment/clinical-trials/search/help#basicsearch"
      rel="noopener noreferrer"
      target="_blank"
    >
      ?
    </a>
  </legend>
  <div
    class="cts-fieldset__body"
  >
    <div
      class="cts-input-group "
    >
      <input
        aria-label="Cancer Type/Keyword"
        aria-required="false"
        class="cts-input  "
        id="q"
        name="CancerTypeKeyword"
        placeholder="Start typing to select a cancer type"
        spellcheck="false"
        type="text"
        value=""
      />
    </div>
  </div>
</fieldset>
`;
