// Jest Snapshot v1, https://goo.gl/fbAQLP

exports[`Checkbox Render renders without error 1`] = `
<div
  class="cts-checkbox "
>
  <input
    class="cts-checkbox__input"
    id="mock-checkbox"
    name="checkboxes"
    type="checkbox"
    value="mock-checkbox"
  />
  <label
    class="cts-checkbox__label"
    for="mock-checkbox"
  >
    label goes here
  </label>
</div>
`;
