// Jest Snapshot v1, https://goo.gl/fbAQLP

exports[`Pager Render should match a snapshot 1`] = `
<nav
  class="pager__container"
>
  <div
    class="pager__nav"
  >
    <div
      class="pager__num pager__num--active"
      tabindex="0"
    >
      1
    </div>
    <div
      class="pager__num "
      tabindex="0"
    >
      2
    </div>
    <div
      class="pager__num "
      tabindex="0"
    >
      3
    </div>
    <div
      class="pager__num "
      tabindex="0"
    >
      4
    </div>
    <div
      class="pager__num "
      tabindex="0"
    >
      5
    </div>
    <div
      class="pager__num "
      tabindex="0"
    >
      6
    </div>
    <div
      class="pager__arrow"
      tabindex="0"
    >
      Next &gt;
    </div>
  </div>
</nav>
`;
