// Jest Snapshot v1, https://goo.gl/fbAQLP

exports[`LeadOrganization Render renders without error 1`] = `
<fieldset
  class="cts-fieldset "
  id="fieldset--lead_organization"
>
  <legend
    class="cts-fieldset__legend"
  >
    <span>
      Lead Organization
    </span>
  </legend>
  <a
    aria-label="Help"
    class="text-icon-help"
    href="https://www.cancer.gov/about-cancer/treatment/clinical-trials/search/help#leadorganization"
    rel="noopener noreferrer"
    target="_blank"
  >
    ?
  </a>
  <div
    class="cts-fieldset__body"
  >
    <div
      class="cts-autocomplete "
      id="component-unique-id-1-autocomplete-wrapper"
    >
      <label
        class="cts-label"
        for="component-unique-id-1"
        id="component-unique-id-1-label"
      >
        Search by Lead Organization
      </label>
      <div
        class=""
      >
        <input
          aria-autocomplete="list"
          aria-expanded="false"
          autocomplete="off"
          class="cts-input cts-autocomplete__input"
          id="component-unique-id-1"
          role="combobox"
          type="text"
          value=""
        />
      </div>
    </div>
  </div>
</fieldset>
`;
