// Jest Snapshot v1, https://goo.gl/fbAQLP

exports[`Toggle Render renders without error 1`] = `
<div
  class="cts-toggle "
>
  <input
    class="cts-toggle__input"
    type="checkbox"
  />
  <label
    aria-label=""
    class="cts-toggle__label"
  >
    <span
      aria-hidden="true"
      class="neg"
    >
      No
    </span>
    <span
      aria-hidden="true"
      class="pos"
    >
      Yes
    </span>
  </label>
</div>
`;
