// Jest Snapshot v1, https://goo.gl/fbAQLP

exports[`ResultsPage Render renders without error 1`] = `
<div
  class="general-page-body-container"
>
  <div
    class="contentzone"
  >
    <article
      class="results-page"
    >
      ResultsPage
      <a
        href="/search"
      >
        Go to Search Page
      </a>
    </article>
  </div>
</div>
`;
