// Jest Snapshot v1, https://goo.gl/fbAQLP

exports[`ResultsPage Render renders without error 1`] = `
<div
  class="general-page-body-container"
>
  <div
    class="contentzone"
  >
    <article
      class="results-page"
    >
      <div
        class="results-page__control"
      >
        <div
          class="cts-checkbox results-page__select-all"
        >
          <input
            class="cts-checkbox__input"
            id="select-all-checkbox"
            name="select-all"
            type="checkbox"
            value="select-all-checkbox"
          />
          <label
            class="cts-checkbox__label"
            for="select-all-checkbox"
          >
            Select All on Page
          </label>
        </div>
        <nav
          class="pager__container"
        />
      </div>
      <div
        class="results-page__content"
      >
        <div
          class="results-list"
        />
        <aside
          class="results-page__aside"
        >
          <div
            class="cts-delighter-container"
          >
            <div
              class="delighter cts-livehelp"
            >
              <a
                href="/contact"
              >
                <h4>
                  Have a question?
                  <br />
                  We're here to help
                </h4>
                <p>
                  <strong>
                    Chat with us:
                  </strong>
                   LiveHelp
                  <br />
                  <strong>
                    Call us:
                  </strong>
                   1-800-4-CANCER
                  <br />
                  (1-800-422-6237)
                </p>
              </a>
            </div>
            <div
              class="delighter cts-what"
            >
              <a
                href="/about-cancer/treatment/clinical-trials/what-are-trials"
              >
                <h4>
                  What Are Cancer Clinical Trials?
                </h4>
                <p>
                  Learn what they are and what you should know about them.
                </p>
              </a>
            </div>
            <div
              class="delighter cts-which"
            >
              <a
                href="/about-cancer/treatment/clinical-trials/search/trial-guide"
              >
                <h4>
                  Which trials are right for you?
                </h4>
                <p>
                  Use the checklist in our guide to gather the information you’ll need.
                </p>
              </a>
            </div>
          </div>
        </aside>
      </div>
    </article>
  </div>
</div>
`;
