// Jest Snapshot v1, https://goo.gl/fbAQLP

exports[`ResultsPage Render renders without error 1`] = `
<div
  class="general-page-body-container"
>
  <div
    class="contentzone"
  >
    <article
      class="results-page"
    >
      <div
        class="cts-results-header"
      >
        <p>
          <strong>
            Results 1-10 of 0 for your search
          </strong>
        </p>
        <div
          class="cts-accordion cts-accordion--bordered"
        >
          <h2
            aria-expanded="true"
            class="cts-accordion__heading"
          >
            <button
              aria-controls="-content"
              aria-expanded="true"
              class="cts-accordion__button"
            >
              <span>
                Show Search Criteria
              </span>
            </button>
          </h2>
          <div
            aria-hidden="false"
            class="cts-accordion__content"
            id="-content"
          >
            <div>
              <h3>
                Your Search Criteria
              </h3>
              ...Table here...
            </div>
          </div>
        </div>
        <p
          class="reset-form"
        >
          <a
            href="/search"
          >
            Start Over
          </a>
        </p>
      </div>
      <div
        class="results-page__content"
      >
        <div
          class="results-page__control --top"
        >
          <div
            class="results-page__select-all"
          >
            <div
              class="cts-checkbox "
            >
              <input
                class="cts-checkbox__input"
                id="select-all-checkbox"
                name="select-all"
                type="checkbox"
                value="select-all-checkbox"
              />
              <label
                class="cts-checkbox__label"
                for="select-all-checkbox"
              >
                Select All on Page
              </label>
            </div>
            <button
              class="results-page__print-button"
            >
              Print Selected
            </button>
          </div>
          <div
            class="results-page__pager"
          >
            <nav
              class="pager__container"
            />
          </div>
        </div>
        <div
          class="results-page__list"
        >
          <div
            class="results-list"
          />
          <aside
            class="results-page__aside --side"
          >
            <div
              class="cts-delighter-container"
            >
              <div
                class="delighter cts-livehelp"
              >
                <a
                  href="/contact"
                >
                  <h4>
                    Have a question?
                    <br />
                    We're here to help
                  </h4>
                  <p>
                    <strong>
                      Chat with us:
                    </strong>
                     LiveHelp
                    <br />
                    <strong>
                      Call us:
                    </strong>
                     1-800-4-CANCER
                    <br />
                    (1-800-422-6237)
                  </p>
                </a>
              </div>
              <div
                class="delighter cts-which"
              >
                <a
                  href="/about-cancer/treatment/clinical-trials/search/trial-guide"
                >
                  <h4>
                    Which trials are right for you?
                  </h4>
                  <p>
                    Use the checklist in our guide to gather the information you’ll need.
                  </p>
                </a>
              </div>
            </div>
          </aside>
        </div>
        <div
          class="results-page__control --bottom"
        >
          <div
            class="results-page__select-all"
          >
            <div
              class="cts-checkbox "
            >
              <input
                class="cts-checkbox__input"
                id="select-all-checkbox"
                name="select-all"
                type="checkbox"
                value="select-all-checkbox"
              />
              <label
                class="cts-checkbox__label"
                for="select-all-checkbox"
              >
                Select All on Page
              </label>
            </div>
            <button
              class="results-page__print-button"
            >
              Print Selected
            </button>
          </div>
          <div
            class="results-page__pager"
          >
            <nav
              class="pager__container"
            />
          </div>
        </div>
      </div>
      <aside
        class="results-page__aside --bottom"
      >
        <div
          class="cts-delighter-container"
        >
          <div
            class="delighter cts-livehelp"
          >
            <a
              href="/contact"
            >
              <h4>
                Have a question?
                <br />
                We're here to help
              </h4>
              <p>
                <strong>
                  Chat with us:
                </strong>
                 LiveHelp
                <br />
                <strong>
                  Call us:
                </strong>
                 1-800-4-CANCER
                <br />
                (1-800-422-6237)
              </p>
            </a>
          </div>
          <div
            class="delighter cts-which"
          >
            <a
              href="/about-cancer/treatment/clinical-trials/search/trial-guide"
            >
              <h4>
                Which trials are right for you?
              </h4>
              <p>
                Use the checklist in our guide to gather the information you’ll need.
              </p>
            </a>
          </div>
        </div>
      </aside>
    </article>
  </div>
</div>
`;
